Archive member included to satisfy reference by file (symbol)

C:/devkitPro/libgba/lib\libgba.a(interrupt.o)
                              main.o (irqInit)
C:/devkitPro/libgba/lib\libgba.a(input.o)
                              game_state.o (scanKeys)
C:/devkitPro/libgba/lib\libgba.a(InterruptDispatcher.o)
                              C:/devkitPro/libgba/lib\libgba.a(interrupt.o) (IntrMain)
c:/devkitpro/devkitarm/bin/../lib/gcc/arm-none-eabi/12.2.0/../../../../arm-none-eabi/lib/thumb\libg.a(libc_a-memset.o)
                              object_utils.o (memset)
c:/devkitpro/devkitarm/bin/../lib/gcc/arm-none-eabi/12.2.0/../../../../arm-none-eabi/lib/thumb\libg.a(libc_a-init.o)
                              c:/devkitpro/devkitarm/bin/../lib/gcc/arm-none-eabi/12.2.0/../../../../arm-none-eabi/lib/thumb/gba_crt0.o (__libc_init_array)
c:/devkitpro/devkitarm/bin/../lib/gcc/arm-none-eabi/12.2.0/../../../../arm-none-eabi/lib/thumb\libsysbase.a(libsysbase_libsysbase_a-malloc_vars.o)
                              c:/devkitpro/devkitarm/bin/../lib/gcc/arm-none-eabi/12.2.0/../../../../arm-none-eabi/lib/thumb/gba_crt0.o (fake_heap_end)

Allocating common symbols
Common symbol       size              file

IntrTable           0x78              C:/devkitPro/libgba/lib\libgba.a(interrupt.o)

Discarded input sections

 .text          0x00000000        0x0 c:/devkitpro/devkitarm/bin/../lib/gcc/arm-none-eabi/12.2.0/../../../../arm-none-eabi/lib/thumb/gba_crt0.o
 .data          0x00000000        0x0 c:/devkitpro/devkitarm/bin/../lib/gcc/arm-none-eabi/12.2.0/../../../../arm-none-eabi/lib/thumb/gba_crt0.o
 .bss           0x00000000        0x0 c:/devkitpro/devkitarm/bin/../lib/gcc/arm-none-eabi/12.2.0/../../../../arm-none-eabi/lib/thumb/gba_crt0.o
 .text          0x00000000        0x0 c:/devkitpro/devkitarm/bin/../lib/gcc/arm-none-eabi/12.2.0/thumb/crti.o
 .data          0x00000000        0x0 c:/devkitpro/devkitarm/bin/../lib/gcc/arm-none-eabi/12.2.0/thumb/crti.o
 .bss           0x00000000        0x0 c:/devkitpro/devkitarm/bin/../lib/gcc/arm-none-eabi/12.2.0/thumb/crti.o
 .text          0x00000000        0x0 c:/devkitpro/devkitarm/bin/../lib/gcc/arm-none-eabi/12.2.0/thumb/crtbegin.o
 .data          0x00000000        0x0 c:/devkitpro/devkitarm/bin/../lib/gcc/arm-none-eabi/12.2.0/thumb/crtbegin.o
 .bss           0x00000000        0x0 c:/devkitpro/devkitarm/bin/../lib/gcc/arm-none-eabi/12.2.0/thumb/crtbegin.o
 .rodata.all_implied_fbits
                0x00000000       0x24 c:/devkitpro/devkitarm/bin/../lib/gcc/arm-none-eabi/12.2.0/thumb/crtbegin.o
 .data.__dso_handle
                0x00000000        0x4 c:/devkitpro/devkitarm/bin/../lib/gcc/arm-none-eabi/12.2.0/thumb/crtbegin.o
 .data          0x00000000        0x0 animation.o
 .bss           0x00000000        0x0 animation.o
 .text          0x00000000        0x0 background_images.o
 .data          0x00000000        0x0 background_images.o
 .bss           0x00000000        0x0 background_images.o
 .text          0x00000000        0x0 background_maps.o
 .data          0x00000000        0x0 background_maps.o
 .bss           0x00000000        0x0 background_maps.o
 .text          0x00000000      0x5b4 collision.o
 .data          0x00000000        0x0 collision.o
 .bss           0x00000000        0x0 collision.o
 .debug_info    0x00000000      0xd9f collision.o
 .debug_abbrev  0x00000000      0x2b0 collision.o
 .debug_loclists
                0x00000000     0x1399 collision.o
 .debug_aranges
                0x00000000       0x20 collision.o
 .debug_rnglists
                0x00000000      0x1ba collision.o
 .debug_line    0x00000000      0x771 collision.o
 .debug_str     0x00000000      0x6c8 collision.o
 .comment       0x00000000       0x24 collision.o
 .debug_frame   0x00000000       0xac collision.o
 .data          0x00000000        0x0 game_state.o
 .bss           0x00000000        0x0 game_state.o
 .data          0x00000000        0x0 game_utils.o
 .text          0x00000000       0x14 main.o
 .data          0x00000000        0x0 main.o
 .bss           0x00000000        0x0 main.o
 .data          0x00000000        0x0 object_utils.o
 .text          0x00000000        0x0 sprites.o
 .data          0x00000000        0x0 sprites.o
 .bss           0x00000000        0x0 sprites.o
 .data          0x00000000        0x0 C:/devkitPro/libgba/lib\libgba.a(interrupt.o)
 .bss           0x00000000        0x0 C:/devkitPro/libgba/lib\libgba.a(interrupt.o)
 .text          0x00000000        0x0 C:/devkitPro/libgba/lib\libgba.a(InterruptDispatcher.o)
 .data          0x00000000        0x0 C:/devkitPro/libgba/lib\libgba.a(InterruptDispatcher.o)
 .bss           0x00000000        0x0 C:/devkitPro/libgba/lib\libgba.a(InterruptDispatcher.o)
 .text          0x00000000        0x0 c:/devkitpro/devkitarm/bin/../lib/gcc/arm-none-eabi/12.2.0/../../../../arm-none-eabi/lib/thumb\libg.a(libc_a-memset.o)
 .data          0x00000000        0x0 c:/devkitpro/devkitarm/bin/../lib/gcc/arm-none-eabi/12.2.0/../../../../arm-none-eabi/lib/thumb\libg.a(libc_a-memset.o)
 .bss           0x00000000        0x0 c:/devkitpro/devkitarm/bin/../lib/gcc/arm-none-eabi/12.2.0/../../../../arm-none-eabi/lib/thumb\libg.a(libc_a-memset.o)
 .text          0x00000000        0x0 c:/devkitpro/devkitarm/bin/../lib/gcc/arm-none-eabi/12.2.0/../../../../arm-none-eabi/lib/thumb\libg.a(libc_a-init.o)
 .data          0x00000000        0x0 c:/devkitpro/devkitarm/bin/../lib/gcc/arm-none-eabi/12.2.0/../../../../arm-none-eabi/lib/thumb\libg.a(libc_a-init.o)
 .bss           0x00000000        0x0 c:/devkitpro/devkitarm/bin/../lib/gcc/arm-none-eabi/12.2.0/../../../../arm-none-eabi/lib/thumb\libg.a(libc_a-init.o)
 .text          0x00000000        0x0 c:/devkitpro/devkitarm/bin/../lib/gcc/arm-none-eabi/12.2.0/../../../../arm-none-eabi/lib/thumb\libsysbase.a(libsysbase_libsysbase_a-malloc_vars.o)
 .data          0x00000000        0x0 c:/devkitpro/devkitarm/bin/../lib/gcc/arm-none-eabi/12.2.0/../../../../arm-none-eabi/lib/thumb\libsysbase.a(libsysbase_libsysbase_a-malloc_vars.o)
 .bss           0x00000000        0x0 c:/devkitpro/devkitarm/bin/../lib/gcc/arm-none-eabi/12.2.0/../../../../arm-none-eabi/lib/thumb\libsysbase.a(libsysbase_libsysbase_a-malloc_vars.o)
 .bss.fake_heap_start
                0x00000000        0x4 c:/devkitpro/devkitarm/bin/../lib/gcc/arm-none-eabi/12.2.0/../../../../arm-none-eabi/lib/thumb\libsysbase.a(libsysbase_libsysbase_a-malloc_vars.o)
 .text          0x00000000        0x0 c:/devkitpro/devkitarm/bin/../lib/gcc/arm-none-eabi/12.2.0/thumb/crtend.o
 .data          0x00000000        0x0 c:/devkitpro/devkitarm/bin/../lib/gcc/arm-none-eabi/12.2.0/thumb/crtend.o
 .bss           0x00000000        0x0 c:/devkitpro/devkitarm/bin/../lib/gcc/arm-none-eabi/12.2.0/thumb/crtend.o
 .rodata.all_implied_fbits
                0x00000000       0x24 c:/devkitpro/devkitarm/bin/../lib/gcc/arm-none-eabi/12.2.0/thumb/crtend.o
 .text          0x00000000        0x0 c:/devkitpro/devkitarm/bin/../lib/gcc/arm-none-eabi/12.2.0/thumb/crtn.o
 .data          0x00000000        0x0 c:/devkitpro/devkitarm/bin/../lib/gcc/arm-none-eabi/12.2.0/thumb/crtn.o
 .bss           0x00000000        0x0 c:/devkitpro/devkitarm/bin/../lib/gcc/arm-none-eabi/12.2.0/thumb/crtn.o

Memory Configuration

Name             Origin             Length             Attributes
rom              0x08000000         0x02000000
iwram            0x03000000         0x00008000
ewram            0x02000000         0x00040000
*default*        0x00000000         0xffffffff

Linker script and memory map

                0x08000000                        __text_start = ORIGIN (rom)
                0x02040000                        __eheap_end = (ORIGIN (ewram) + LENGTH (ewram))
                0x03000000                        __iwram_start = ORIGIN (iwram)
                0x03008000                        __iwram_top = (ORIGIN (iwram) + LENGTH (iwram))
                0x03007fa0                        __sp_irq = (__iwram_top - 0x60)
                0x03007f00                        __sp_usr = (__sp_irq - 0xa0)
                0x03007ff8                        __irq_flags = 0x3007ff8
                0x08000000                        . = __text_start

.crt0           0x08000000      0x210
 *(.crt0)
 .crt0          0x08000000      0x210 c:/devkitpro/devkitarm/bin/../lib/gcc/arm-none-eabi/12.2.0/../../../../arm-none-eabi/lib/thumb/gba_crt0.o
                0x08000000                _start
                0x080000c4                __boot_method
                0x080000c5                __slave_number
                0x080000e0                start_vector
                0x08000210                        . = ALIGN (0x4)

.init           0x08000210        0xc
 *(SORT_NONE(.init))
 .init          0x08000210        0x4 c:/devkitpro/devkitarm/bin/../lib/gcc/arm-none-eabi/12.2.0/thumb/crti.o
                0x08000210                _init
 .init          0x08000214        0x8 c:/devkitpro/devkitarm/bin/../lib/gcc/arm-none-eabi/12.2.0/thumb/crtn.o

.plt            0x0800021c        0x0
 *(.plt)
                0x0800021c                        . = ALIGN (0x4)

.text           0x0800021c      0xe10
 *(EXCLUDE_FILE(*.iwram*) .text*)
 .text.__do_global_dtors_aux
                0x0800021c       0x2c c:/devkitpro/devkitarm/bin/../lib/gcc/arm-none-eabi/12.2.0/thumb/crtbegin.o
 .text.frame_dummy
                0x08000248       0x24 c:/devkitpro/devkitarm/bin/../lib/gcc/arm-none-eabi/12.2.0/thumb/crtbegin.o
 .text          0x0800026c       0x70 animation.o
                0x0800026c                InitAnimation(AnimationInfo*, int, int, int, int)
                0x0800027c                SetAnimationFrame(AnimationInfo*, int)
                0x0800029c                UpdateAnimation(AnimationInfo*)
                0x080002cc                SetAnimationSpeed(AnimationInfo*, int)
                0x080002d4                SetNewFrames(AnimationInfo*, int, int)
 .text          0x080002dc      0x25c game_state.o
                0x080002dc                GameState::GameState()
                0x080002dc                GameState::GameState()
                0x08000324                GameState::SetupStage(int)
                0x08000368                GameState::SetupStage_Level1()
                0x080003a8                GameState::Update_Level1()
                0x0800050c                GameState::Update()
 .text          0x08000538      0x268 game_utils.o
                0x08000538                SetSpriteVideoMode()
                0x08000544                SetBitmapVideoMode()
                0x08000554                ClearSprites()
                0x08000560                LoadSpriteset(int)
                0x080005f0                ClearBackgrounds()
                0x080005fc                LoadBgTileset(int)
                0x08000690                LoadBgMap(int)
                0x080006f4                LoadBgImage(int)
 .text.startup  0x080007a0       0x2c main.o
                0x080007a0                main
 .text          0x080007cc      0x2e8 object_utils.o
                0x080007cc                InitializeObjects()
                0x08000808                InitObject(int, int)
                0x08000864                GetObjectSprite(int)
                0x0800087c                SetObjectSprite(int, int)
                0x080008fc                MoveObjectTo(int, int, int)
                0x08000938                UpdateScreen()
                0x08000974                GetObjectLocation(int, int*, int*)
                0x08000998                GetObjectSize(int, int*, int*)
                0x080009bc                GetObjectWidth(int)
                0x080009e0                GetObjectHeight(int)
                0x08000a04                ShowObject(int, bool)
                0x08000a34                IsObjectVisible(int)
                0x08000a54                FlipObject(int, bool, bool)
 .text          0x08000ab4      0x3b8 C:/devkitPro/libgba/lib\libgba.a(interrupt.o)
                0x08000ab4                dummy
                0x08000ab8                InitInterrupt
                0x08000b14                irqInit
                0x08000b70                SetInterrupt
                0x08000c54                irqSet
                0x08000d38                EnableInterrupt
                0x08000d84                irqEnable
                0x08000dd4                DisableInterrupt
                0x08000e20                irqDisable
 .text          0x08000e6c       0xbc C:/devkitPro/libgba/lib\libgba.a(input.o)
                0x08000e6c                setRepeat
                0x08000e78                scanKeys
                0x08000eec                keysDownRepeat
                0x08000efc                keysDown
                0x08000f0c                keysUp
                0x08000f1c                keysHeld
 .text.memset   0x08000f28       0xb0 c:/devkitpro/devkitarm/bin/../lib/gcc/arm-none-eabi/12.2.0/../../../../arm-none-eabi/lib/thumb\libg.a(libc_a-memset.o)
                0x08000f28                memset
 .text.__libc_init_array
                0x08000fd8       0x54 c:/devkitpro/devkitarm/bin/../lib/gcc/arm-none-eabi/12.2.0/../../../../arm-none-eabi/lib/thumb\libg.a(libc_a-init.o)
                0x08000fd8                __libc_init_array
 *(.gnu.linkonce.t.*)
 *(.text.*personality*)
 *(.gnu.warning)
 *(.glue_7t)
 .glue_7t       0x0800102c        0x0 linker stubs
 *(.glue_7)
 .glue_7        0x0800102c        0x0 linker stubs
 *(.vfp11_veneer)
 .vfp11_veneer  0x0800102c        0x0 linker stubs
                0x0800102c                        . = ALIGN (0x4)
                0x0800102c                        __text_end = .

.v4_bx          0x0800102c        0x0
 .v4_bx         0x0800102c        0x0 linker stubs

.iplt           0x0800102c        0x0
 .iplt          0x0800102c        0x0 c:/devkitpro/devkitarm/bin/../lib/gcc/arm-none-eabi/12.2.0/../../../../arm-none-eabi/lib/thumb/gba_crt0.o

.fini           0x0800102c        0xc
 *(.fini)
 .fini          0x0800102c        0x4 c:/devkitpro/devkitarm/bin/../lib/gcc/arm-none-eabi/12.2.0/thumb/crti.o
                0x0800102c                _fini
 .fini          0x08001030        0x8 c:/devkitpro/devkitarm/bin/../lib/gcc/arm-none-eabi/12.2.0/thumb/crtn.o
                0x08001038                        . = ALIGN (0x4)

.rodata         0x08001038     0x3048
 *(.rodata)
 .rodata        0x08001038        0x0 background_images.o
                0x08001038                BgImageInfo
 .rodata        0x08001038      0xa78 background_maps.o
                0x08001038                BgMapData
                0x08001838                BgMapInfo
                0x08001840                BgTiles
                0x080018a0                BgTilesetInfo
                0x080018a8                BgPalettes
                0x08001aa8                BgPaletteInfo
 .rodata        0x08001ab0     0x25d0 sprites.o
                0x08001ab0                SpriteMasks
                0x080025b0                SpriteTiles
                0x08003bb0                SpriteInfo
                0x08003e70                SpritesetInfo
                0x08003e78                SpritePalettes
                0x08004078                SpritePaletteInfo
 *all.rodata*(*)
 *(.roda)
 *(.rodata.*)
 *(.gnu.linkonce.r*)
                0x08004080                        . = ALIGN (0x4)

.ARM.extab
 *(.ARM.extab* .gnu.linkonce.armextab.*)
                0x08004080                        __exidx_start = .

.ARM.exidx
 *(.ARM.exidx* .gnu.linkonce.armexidx.*)
                0x08004080                        __exidx_end = .

.ctors          0x08004080        0x0
 *crtbegin.o(.ctors)
 *(EXCLUDE_FILE(*crtend.o) .ctors)
 *(SORT_BY_NAME(.ctors.*))
 *(.ctors)
                0x08004080                        . = ALIGN (0x4)

.dtors          0x08004080        0x0
 *crtbegin.o(.dtors)
 *(EXCLUDE_FILE(*crtend.o) .dtors)
 *(SORT_BY_NAME(.dtors.*))
 *(.dtors)
                0x08004080                        . = ALIGN (0x4)

.eh_frame       0x08004080        0x4
 *(.eh_frame)
 .eh_frame      0x08004080        0x0 c:/devkitpro/devkitarm/bin/../lib/gcc/arm-none-eabi/12.2.0/thumb/crtbegin.o
 .eh_frame      0x08004080        0x4 c:/devkitpro/devkitarm/bin/../lib/gcc/arm-none-eabi/12.2.0/thumb/crtend.o
                0x08004084                        . = ALIGN (0x4)

.gcc_except_table
                0x08004084        0x0
 *(.gcc_except_table)
                0x08004084                        . = ALIGN (0x4)
                0x08004084                        __iwram_lma = .

.iwram          0x03000000       0xb8 load address 0x08004084
                0x03000000                        __iwram_start__ = ABSOLUTE (.)
 *(.iwram .iwram*)
 .iwram         0x03000000       0xb8 C:/devkitPro/libgba/lib\libgba.a(InterruptDispatcher.o)
                0x03000000                IntrMain
 *iwram.*(.text* .data*)
                0x030000b8                        . = ALIGN (0x4)
                0x030000b8                        __iwram_end__ = ABSOLUTE (.)
                0x0800413c                        __data_lma = (__iwram_lma + SIZEOF (.iwram))

.bss            0x030000b8      0x6ac
                0x030000b8                        __bss_start = ABSOLUTE (.)
                0x030000b8                        __bss_start__ = ABSOLUTE (.)
 *(.dynbss)
 *(.gnu.linkonce.b*)
 *(.bss*)
 .bss.completed.1
                0x030000b8        0x1 c:/devkitpro/devkitarm/bin/../lib/gcc/arm-none-eabi/12.2.0/thumb/crtbegin.o
 *fill*         0x030000b9        0x3 
 .bss.object.0  0x030000bc       0x18 c:/devkitpro/devkitarm/bin/../lib/gcc/arm-none-eabi/12.2.0/thumb/crtbegin.o
 .bss           0x030000d4        0x4 game_utils.o
                0x030000d4                g_keyHeld
                0x030000d6                g_keyPress
 .bss           0x030000d8      0x604 object_utils.o
 .bss           0x030006dc        0xa C:/devkitPro/libgba/lib\libgba.a(input.o)
 *fill*         0x030006e6        0x2 
 .bss.fake_heap_end
                0x030006e8        0x4 c:/devkitpro/devkitarm/bin/../lib/gcc/arm-none-eabi/12.2.0/../../../../arm-none-eabi/lib/thumb\libsysbase.a(libsysbase_libsysbase_a-malloc_vars.o)
                0x030006e8                fake_heap_end
 *(COMMON)
 COMMON         0x030006ec       0x78 C:/devkitPro/libgba/lib\libgba.a(interrupt.o)
                0x030006ec                IntrTable
                0x03000764                        . = ALIGN (0x4)
                0x03000764                        __bss_end__ = ABSOLUTE (.)

.data           0x03000764        0x4 load address 0x0800413c
                0x03000764                        __data_start__ = ABSOLUTE (.)
 *(.data*)
 .data          0x03000764        0x3 C:/devkitPro/libgba/lib\libgba.a(input.o)
 *(.gnu.linkonce.d*)
                0x03000768                        . = ALIGN (0x4)
 *fill*         0x03000767        0x1 ff
                0x08004140                        __preinit_lma = (__data_lma + SIZEOF (.data))

.igot.plt       0x03000768        0x0 load address 0x08004140
 .igot.plt      0x03000768        0x0 c:/devkitpro/devkitarm/bin/../lib/gcc/arm-none-eabi/12.2.0/../../../../arm-none-eabi/lib/thumb/gba_crt0.o

.preinit_array  0x03000768        0x0 load address 0x08004140
                0x03000768                        __preinit_array_start = ABSOLUTE (.)
 *(.preinit_array)
                0x03000768                        __preinit_array_end = ABSOLUTE (.)
                0x08004140                        __init_lma = (__preinit_lma + SIZEOF (.preinit_array))

.init_array     0x03000768        0x4 load address 0x08004140
                0x03000768                        __init_array_start = ABSOLUTE (.)
 *(SORT_BY_NAME(.init_array.*))
 *(.init_array)
 .init_array    0x03000768        0x4 c:/devkitpro/devkitarm/bin/../lib/gcc/arm-none-eabi/12.2.0/thumb/crtbegin.o
                0x0300076c                        __init_array_end = ABSOLUTE (.)
                0x08004144                        __fini_lma = (__init_lma + SIZEOF (.init_array))

.fini_array     0x0300076c        0x4 load address 0x08004144
                0x0300076c                        __fini_array_start = ABSOLUTE (.)
 *(SORT_BY_NAME(.fini_array.*))
 *(.fini_array)
 .fini_array    0x0300076c        0x4 c:/devkitpro/devkitarm/bin/../lib/gcc/arm-none-eabi/12.2.0/thumb/crtbegin.o
                0x03000770                        __fini_array_end = ABSOLUTE (.)
                0x08004148                        __jcr_lma = (__fini_lma + SIZEOF (.fini_array))

.jcr
 *(.jcr)
                0x03000770                        __data_end__ = ABSOLUTE (.)
                0x08004148                        __iwram_overlay_lma = (__jcr_lma + SIZEOF (.jcr))
                0x03000770                        __iwram_overlay_start = .

.iwram0         0x03000770        0x0 load address 0x08004148
 *(.iwram0)
                0x03000770                        . = ALIGN (0x4)
                0x08004148                        PROVIDE (__load_start_iwram0 = LOADADDR (.iwram0))
                0x08004148                        PROVIDE (__load_stop_iwram0 = (LOADADDR (.iwram0) + SIZEOF (.iwram0)))

.iwram1         0x03000770        0x0
 *(.iwram1)
                0x03000770                        . = ALIGN (0x4)
                [!provide]                        PROVIDE (__load_start_iwram1 = LOADADDR (.iwram1))
                [!provide]                        PROVIDE (__load_stop_iwram1 = (LOADADDR (.iwram1) + SIZEOF (.iwram1)))

.iwram2         0x03000770        0x0
 *(.iwram2)
                0x03000770                        . = ALIGN (0x4)
                [!provide]                        PROVIDE (__load_start_iwram2 = LOADADDR (.iwram2))
                [!provide]                        PROVIDE (__load_stop_iwram2 = (LOADADDR (.iwram2) + SIZEOF (.iwram2)))

.iwram3         0x03000770        0x0
 *(.iwram3)
                0x03000770                        . = ALIGN (0x4)
                [!provide]                        PROVIDE (__load_start_iwram3 = LOADADDR (.iwram3))
                [!provide]                        PROVIDE (__load_stop_iwram3 = (LOADADDR (.iwram3) + SIZEOF (.iwram3)))

.iwram4         0x03000770        0x0
 *(.iwram4)
                0x03000770                        . = ALIGN (0x4)
                [!provide]                        PROVIDE (__load_start_iwram4 = LOADADDR (.iwram4))
                [!provide]                        PROVIDE (__load_stop_iwram4 = (LOADADDR (.iwram4) + SIZEOF (.iwram4)))

.iwram5         0x03000770        0x0
 *(.iwram5)
                0x03000770                        . = ALIGN (0x4)
                [!provide]                        PROVIDE (__load_start_iwram5 = LOADADDR (.iwram5))
                [!provide]                        PROVIDE (__load_stop_iwram5 = (LOADADDR (.iwram5) + SIZEOF (.iwram5)))

.iwram6         0x03000770        0x0
 *(.iwram6)
                0x03000770                        . = ALIGN (0x4)
                [!provide]                        PROVIDE (__load_start_iwram6 = LOADADDR (.iwram6))
                [!provide]                        PROVIDE (__load_stop_iwram6 = (LOADADDR (.iwram6) + SIZEOF (.iwram6)))

.iwram7         0x03000770        0x0
 *(.iwram7)
                0x03000770                        . = ALIGN (0x4)
                [!provide]                        PROVIDE (__load_start_iwram7 = LOADADDR (.iwram7))
                [!provide]                        PROVIDE (__load_stop_iwram7 = (LOADADDR (.iwram7) + SIZEOF (.iwram7)))

.iwram8         0x03000770        0x0
 *(.iwram8)
                0x03000770                        . = ALIGN (0x4)
                [!provide]                        PROVIDE (__load_start_iwram8 = LOADADDR (.iwram8))
                [!provide]                        PROVIDE (__load_stop_iwram8 = (LOADADDR (.iwram8) + SIZEOF (.iwram8)))

.iwram9         0x03000770        0x0
 *(.iwram9)
                0x03000770                        . = ALIGN (0x4)
                [!provide]                        PROVIDE (__load_start_iwram9 = LOADADDR (.iwram9))
                [!provide]                        PROVIDE (__load_stop_iwram9 = (LOADADDR (.iwram9) + SIZEOF (.iwram9)))
                0x03000770                        __iwram_overlay_end = .
                0x08004148                        __ewram_lma = (__iwram_overlay_lma + (__iwram_overlay_end - __iwram_overlay_start))
                0x03000770                        __iheap_start = .
                0x02000000                        __ewram_start = ORIGIN (ewram)

.ewram          0x02000000        0x0 load address 0x08004148
 *(.ewram*)
                0x02000000                        . = ALIGN (0x4)
                0x02000000                        __ewram_end = ABSOLUTE (.)
                0x08004148                        __pad_lma = (__ewram_lma + SIZEOF (.ewram))

.sbss           0x02000000        0x0
                0x02000000                        __sbss_start__ = ABSOLUTE (.)
 *(.sbss*)
                0x02000000                        . = ALIGN (0x4)
                0x02000000                        __sbss_end__ = ABSOLUTE (.)
                0x02000000                        __end__ = ABSOLUTE (.)
                0x02000000                        __eheap_start = ABSOLUTE (.)

.pad            0x02000000        0x8 load address 0x08004148
                0x02000000        0x4 LONG 0x52416b64
                0x02000004        0x4 LONG 0x4d
                0x02000008                        . = ALIGN (0x4)
                0x08004150                        __rom_end__ = (__pad_lma + SIZEOF (.pad))

.rel.dyn        0x02000008        0x0 load address 0x08004150
 .rel.iplt      0x02000008        0x0 c:/devkitpro/devkitarm/bin/../lib/gcc/arm-none-eabi/12.2.0/../../../../arm-none-eabi/lib/thumb/gba_crt0.o

.stab
 *(.stab)

.stabstr
 *(.stabstr)

.stab.excl
 *(.stab.excl)

.stab.exclstr
 *(.stab.exclstr)

.stab.index
 *(.stab.index)

.stab.indexstr
 *(.stab.indexstr)

.comment        0x00000000       0x45
 *(.comment)
 .comment       0x00000000       0x23 c:/devkitpro/devkitarm/bin/../lib/gcc/arm-none-eabi/12.2.0/thumb/crtbegin.o
                                 0x24 (size before relaxing)
 .comment       0x00000023       0x24 animation.o
 .comment       0x00000023       0x24 background_images.o
 .comment       0x00000023       0x24 background_maps.o
 .comment       0x00000023       0x24 game_state.o
 .comment       0x00000023       0x24 game_utils.o
 .comment       0x00000023       0x24 main.o
 .comment       0x00000023       0x24 object_utils.o
 .comment       0x00000023       0x24 sprites.o
 .comment       0x00000023       0x22 C:/devkitPro/libgba/lib\libgba.a(interrupt.o)
                                 0x23 (size before relaxing)
 .comment       0x00000045       0x23 C:/devkitPro/libgba/lib\libgba.a(input.o)
 .comment       0x00000045       0x24 c:/devkitpro/devkitarm/bin/../lib/gcc/arm-none-eabi/12.2.0/../../../../arm-none-eabi/lib/thumb\libg.a(libc_a-memset.o)
 .comment       0x00000045       0x24 c:/devkitpro/devkitarm/bin/../lib/gcc/arm-none-eabi/12.2.0/../../../../arm-none-eabi/lib/thumb\libg.a(libc_a-init.o)
 .comment       0x00000045       0x24 c:/devkitpro/devkitarm/bin/../lib/gcc/arm-none-eabi/12.2.0/../../../../arm-none-eabi/lib/thumb\libsysbase.a(libsysbase_libsysbase_a-malloc_vars.o)
 .comment       0x00000045       0x24 c:/devkitpro/devkitarm/bin/../lib/gcc/arm-none-eabi/12.2.0/thumb/crtend.o

.debug
 *(.debug)

.line
 *(.line)

.debug_srcinfo
 *(.debug_srcinfo)

.debug_sfnames
 *(.debug_sfnames)

.debug_aranges  0x00000000      0x150
 *(.debug_aranges)
 .debug_aranges
                0x00000000       0x20 animation.o
 .debug_aranges
                0x00000020       0x18 background_images.o
 .debug_aranges
                0x00000038       0x18 background_maps.o
 .debug_aranges
                0x00000050       0x20 game_state.o
 .debug_aranges
                0x00000070       0x20 game_utils.o
 .debug_aranges
                0x00000090       0x28 main.o
 .debug_aranges
                0x000000b8       0x20 object_utils.o
 .debug_aranges
                0x000000d8       0x18 sprites.o
 .debug_aranges
                0x000000f0       0x20 C:/devkitPro/libgba/lib\libgba.a(interrupt.o)
 .debug_aranges
                0x00000110       0x20 C:/devkitPro/libgba/lib\libgba.a(input.o)
 .debug_aranges
                0x00000130       0x20 C:/devkitPro/libgba/lib\libgba.a(InterruptDispatcher.o)

.debug_pubnames
 *(.debug_pubnames)

.debug_info     0x00000000     0x3679
 *(.debug_info)
 .debug_info    0x00000000      0x20f animation.o
 .debug_info    0x0000020f      0x121 background_images.o
 .debug_info    0x00000330      0x313 background_maps.o
 .debug_info    0x00000643      0xc71 game_state.o
 .debug_info    0x000012b4      0xb95 game_utils.o
 .debug_info    0x00001e49      0x560 main.o
 .debug_info    0x000023a9      0x7a0 object_utils.o
 .debug_info    0x00002b49      0x488 sprites.o
 .debug_info    0x00002fd1      0x41b C:/devkitPro/libgba/lib\libgba.a(interrupt.o)
 .debug_info    0x000033ec      0x267 C:/devkitPro/libgba/lib\libgba.a(input.o)
 .debug_info    0x00003653       0x26 C:/devkitPro/libgba/lib\libgba.a(InterruptDispatcher.o)

.debug_abbrev   0x00000000     0x10a3
 *(.debug_abbrev)
 .debug_abbrev  0x00000000      0x12e animation.o
 .debug_abbrev  0x0000012e       0xc7 background_images.o
 .debug_abbrev  0x000001f5       0xc9 background_maps.o
 .debug_abbrev  0x000002be      0x311 game_state.o
 .debug_abbrev  0x000005cf      0x25c game_utils.o
 .debug_abbrev  0x0000082b      0x211 main.o
 .debug_abbrev  0x00000a3c      0x247 object_utils.o
 .debug_abbrev  0x00000c83       0xf8 sprites.o
 .debug_abbrev  0x00000d7b      0x1ee C:/devkitPro/libgba/lib\libgba.a(interrupt.o)
 .debug_abbrev  0x00000f69      0x126 C:/devkitPro/libgba/lib\libgba.a(input.o)
 .debug_abbrev  0x0000108f       0x14 C:/devkitPro/libgba/lib\libgba.a(InterruptDispatcher.o)

.debug_line     0x00000000     0x1cf2
 *(.debug_line)
 .debug_line    0x00000000      0x181 animation.o
 .debug_line    0x00000181       0x9e background_images.o
 .debug_line    0x0000021f       0x9a background_maps.o
 .debug_line    0x000002b9      0x576 game_state.o
 .debug_line    0x0000082f      0x520 game_utils.o
 .debug_line    0x00000d4f      0x1cf main.o
 .debug_line    0x00000f1e      0x426 object_utils.o
 .debug_line    0x00001344       0xb7 sprites.o
 .debug_line    0x000013fb      0x5ae C:/devkitPro/libgba/lib\libgba.a(interrupt.o)
 .debug_line    0x000019a9      0x297 C:/devkitPro/libgba/lib\libgba.a(input.o)
 .debug_line    0x00001c40       0xb2 C:/devkitPro/libgba/lib\libgba.a(InterruptDispatcher.o)

.debug_frame    0x00000000      0x470
 *(.debug_frame)
 .debug_frame   0x00000000       0x70 animation.o
 .debug_frame   0x00000070       0x98 game_state.o
 .debug_frame   0x00000108       0xcc game_utils.o
 .debug_frame   0x000001d4       0x40 main.o
 .debug_frame   0x00000214      0x12c object_utils.o
 .debug_frame   0x00000340       0xb0 C:/devkitPro/libgba/lib\libgba.a(interrupt.o)
 .debug_frame   0x000003f0       0x80 C:/devkitPro/libgba/lib\libgba.a(input.o)

.debug_str      0x00000000     0x1539
 *(.debug_str)
 .debug_str     0x00000000      0x2cc animation.o
                                0x2f0 (size before relaxing)
 .debug_str     0x000002cc       0xfc background_images.o
                                0x1f7 (size before relaxing)
 .debug_str     0x000003c8      0x177 background_maps.o
                                0x328 (size before relaxing)
 .debug_str     0x0000053f      0x647 game_state.o
                                0x979 (size before relaxing)
 .debug_str     0x00000b86      0x33e game_utils.o
                                0xa5b (size before relaxing)
 .debug_str     0x00000ec4      0x14d main.o
                                0x792 (size before relaxing)
 .debug_str     0x00001011      0x1f8 object_utils.o
                                0x7c3 (size before relaxing)
 .debug_str     0x00001209       0x7a sprites.o
                                0x5b7 (size before relaxing)
 .debug_str     0x00001283      0x1ab C:/devkitPro/libgba/lib\libgba.a(interrupt.o)
                                0x310 (size before relaxing)
 .debug_str     0x0000142e       0xab C:/devkitPro/libgba/lib\libgba.a(input.o)
                                0x21b (size before relaxing)
 .debug_str     0x000014d9       0x60 C:/devkitPro/libgba/lib\libgba.a(InterruptDispatcher.o)
                                 0xa0 (size before relaxing)

.debug_loc      0x00000000      0x485
 *(.debug_loc)
 .debug_loc     0x00000000      0x446 C:/devkitPro/libgba/lib\libgba.a(interrupt.o)
 .debug_loc     0x00000446       0x3f C:/devkitPro/libgba/lib\libgba.a(input.o)

.debug_macinfo
 *(.debug_macinfo)

.debug_weaknames
 *(.debug_weaknames)

.debug_funcnames
 *(.debug_funcnames)

.debug_typenames
 *(.debug_typenames)

.debug_varnames
 *(.debug_varnames)

.stack          0x00080000        0x0
                0x00080000                        _stack = .
 *(.stack)

.note.gnu.arm.ident
 *(.note.gnu.arm.ident)

.ARM.attributes
                0x00000000       0x2c
 *(.ARM.attributes)
 .ARM.attributes
                0x00000000       0x20 c:/devkitpro/devkitarm/bin/../lib/gcc/arm-none-eabi/12.2.0/../../../../arm-none-eabi/lib/thumb/gba_crt0.o
 .ARM.attributes
                0x00000020       0x1c c:/devkitpro/devkitarm/bin/../lib/gcc/arm-none-eabi/12.2.0/thumb/crti.o
 .ARM.attributes
                0x0000003c       0x2a c:/devkitpro/devkitarm/bin/../lib/gcc/arm-none-eabi/12.2.0/thumb/crtbegin.o
 .ARM.attributes
                0x00000066       0x26 animation.o
 .ARM.attributes
                0x0000008c       0x26 background_images.o
 .ARM.attributes
                0x000000b2       0x26 background_maps.o
 .ARM.attributes
                0x000000d8       0x26 collision.o
 .ARM.attributes
                0x000000fe       0x26 game_state.o
 .ARM.attributes
                0x00000124       0x26 game_utils.o
 .ARM.attributes
                0x0000014a       0x26 main.o
 .ARM.attributes
                0x00000170       0x26 object_utils.o
 .ARM.attributes
                0x00000196       0x26 sprites.o
 .ARM.attributes
                0x000001bc       0x2a C:/devkitPro/libgba/lib\libgba.a(interrupt.o)
 .ARM.attributes
                0x000001e6       0x2a C:/devkitPro/libgba/lib\libgba.a(input.o)
 .ARM.attributes
                0x00000210       0x1a C:/devkitPro/libgba/lib\libgba.a(InterruptDispatcher.o)
 .ARM.attributes
                0x0000022a       0x2a c:/devkitpro/devkitarm/bin/../lib/gcc/arm-none-eabi/12.2.0/../../../../arm-none-eabi/lib/thumb\libg.a(libc_a-memset.o)
 .ARM.attributes
                0x00000254       0x2a c:/devkitpro/devkitarm/bin/../lib/gcc/arm-none-eabi/12.2.0/../../../../arm-none-eabi/lib/thumb\libg.a(libc_a-init.o)
 .ARM.attributes
                0x0000027e       0x2a c:/devkitpro/devkitarm/bin/../lib/gcc/arm-none-eabi/12.2.0/../../../../arm-none-eabi/lib/thumb\libsysbase.a(libsysbase_libsysbase_a-malloc_vars.o)
 .ARM.attributes
                0x000002a8       0x2a c:/devkitpro/devkitarm/bin/../lib/gcc/arm-none-eabi/12.2.0/thumb/crtend.o
 .ARM.attributes
                0x000002d2       0x1c c:/devkitpro/devkitarm/bin/../lib/gcc/arm-none-eabi/12.2.0/thumb/crtn.o

/DISCARD/
 *(.note.GNU-stack)
LOAD c:/devkitpro/devkitarm/bin/../lib/gcc/arm-none-eabi/12.2.0/../../../../arm-none-eabi/lib/thumb/gba_crt0.o
LOAD c:/devkitpro/devkitarm/bin/../lib/gcc/arm-none-eabi/12.2.0/thumb/crti.o
LOAD c:/devkitpro/devkitarm/bin/../lib/gcc/arm-none-eabi/12.2.0/thumb/crtbegin.o
LOAD animation.o
LOAD background_images.o
LOAD background_maps.o
LOAD collision.o
LOAD game_state.o
LOAD game_utils.o
LOAD main.o
LOAD object_utils.o
LOAD sprites.o
LOAD C:/devkitPro/libgba/lib\libgba.a
LOAD c:/devkitpro/devkitarm/bin/../lib/gcc/arm-none-eabi/12.2.0/../../../../arm-none-eabi/lib/thumb\libstdc++.a
LOAD c:/devkitpro/devkitarm/bin/../lib/gcc/arm-none-eabi/12.2.0/../../../../arm-none-eabi/lib/thumb\libm.a
START GROUP
LOAD c:/devkitpro/devkitarm/bin/../lib/gcc/arm-none-eabi/12.2.0/thumb\libgcc.a
LOAD c:/devkitpro/devkitarm/bin/../lib/gcc/arm-none-eabi/12.2.0/../../../../arm-none-eabi/lib/thumb\libg.a
LOAD c:/devkitpro/devkitarm/bin/../lib/gcc/arm-none-eabi/12.2.0/../../../../arm-none-eabi/lib/thumb\libc.a
LOAD c:/devkitpro/devkitarm/bin/../lib/gcc/arm-none-eabi/12.2.0/../../../../arm-none-eabi/lib/thumb\libsysbase.a
END GROUP
LOAD c:/devkitpro/devkitarm/bin/../lib/gcc/arm-none-eabi/12.2.0/thumb/crtend.o
LOAD c:/devkitpro/devkitarm/bin/../lib/gcc/arm-none-eabi/12.2.0/thumb/crtn.o
OUTPUT(C:/Users/jadep/OneDrive/Documents/Projects/Spritely/squishy/squishy.elf elf32-littlearm)
LOAD linker stubs

.debug_loclists
                0x00000000      0x7a8
 .debug_loclists
                0x00000000       0x82 animation.o
 .debug_loclists
                0x00000082      0x209 game_state.o
 .debug_loclists
                0x0000028b      0x29c game_utils.o
 .debug_loclists
                0x00000527      0x281 object_utils.o

.debug_rnglists
                0x00000000      0x12c
 .debug_rnglists
                0x00000000       0x63 game_state.o
 .debug_rnglists
                0x00000063       0x8e game_utils.o
 .debug_rnglists
                0x000000f1       0x25 main.o
 .debug_rnglists
                0x00000116       0x16 object_utils.o

.debug_ranges   0x00000000       0x70
 .debug_ranges  0x00000000       0x70 C:/devkitPro/libgba/lib\libgba.a(interrupt.o)
